
==============================================================================
 SECTION 1 : DATA ACQUISITION
==============================================================================
Trying: https://archive.ics.uci.edu/ml/machine-learning-databases/00352/Online%20Retail.xlsx 
   failed: cannot open URL 'https://archive.ics.uci.edu/ml/machine-learning-databases/00352/Online%20Retail.xlsx' 
Trying: https://archive.ics.uci.edu/static/public/352/online+retail.zip 
   failed: cannot open URL 'https://archive.ics.uci.edu/static/public/352/online+retail.zip' 

*** All remote sources unreachable. Using the built-in simulator. ***
*** Figures reproduce the real dataset's structure and defects.   ***
Warning messages:
1: In utils::download.file(s$url, tmp, mode = "wb", quiet = TRUE) :
  URL 'https://archive.ics.uci.edu/ml/machine-learning-databases/00352/Online%20Retail.xlsx': status was 'HTTP response code said error'
2: In utils::download.file(s$url, tmp, mode = "wb", quiet = TRUE) :
  URL 'https://archive.ics.uci.edu/static/public/352/online+retail.zip': status was 'HTTP response code said error'

Data source : built-in simulator 
Dimensions  : 542456 rows x 8 columns

Structure:
'data.frame':	542456 obs. of  8 variables:
 $ InvoiceNo  : chr  "547005" "547005" "547005" "547005" ...
 $ StockCode  : chr  "76954" "83926" "93546" "22520" ...
 $ Description: chr  "JUMBO T-LIGHT HOLDER" "POLKADOT TRINKET BOX" "WOODLAND TRINKET BOX" "HEART LANTERN" ...
 $ Quantity   : num  5 8 7 3 13 7 4 1 7 5 ...
 $ InvoiceDate: POSIXct, format: "2010-12-01 23:27:00" "2010-12-01 23:27:00" ...
 $ UnitPrice  : num  1.43 2.58 5.4 1.92 0.3 1.41 5.23 7.12 3.55 4.04 ...
 $ CustomerID : int  14050 14050 14050 14050 14050 14050 14050 14050 NA 14050 ...
 $ Country    : chr  "United Kingdom" "United Kingdom" "United Kingdom" "United Kingdom" ...

First 6 rows:
       InvoiceNo StockCode          Description Quantity         InvoiceDate
223663    547005     76954 JUMBO T-LIGHT HOLDER        5 2010-12-01 23:27:00
223664    547005     83926 POLKADOT TRINKET BOX        8 2010-12-01 23:27:00
223665    547005     93546 WOODLAND TRINKET BOX        7 2010-12-01 23:27:00
223666    547005     22520        HEART LANTERN        3 2010-12-01 23:27:00
223667    547005     24225 JUMBO T-LIGHT HOLDER       13 2010-12-01 23:27:00
223668    547005     81812      HAND WARMER BAG        7 2010-12-01 23:27:00
       UnitPrice CustomerID        Country
223663      1.43      14050 United Kingdom
223664      2.58      14050 United Kingdom
223665      5.40      14050 United Kingdom
223666      1.92      14050 United Kingdom
223667      0.30      14050 United Kingdom
223668      1.41      14050 United Kingdom

==============================================================================
 SECTION 2 : EXPLORATORY DATA ANALYSIS
==============================================================================
Missing values per column:
       Column Missing Percent
1   InvoiceNo       0    0.00
2   StockCode       0    0.00
3 Description    1465    0.27
4    Quantity       0    0.00
5 InvoiceDate       0    0.00
6   UnitPrice       0    0.00
7  CustomerID  135072   24.90
8     Country       0    0.00

Key counts:
  Transactions (rows)   : 542456 
  Unique invoices       : 33976 
  Unique customers      : 4342 
  Unique products       : 4070 
  Countries             : 24 
  Date range            : 2010-12-01 23:27:00 to 2011-12-09 12:13:00 
  Cancellation lines    : 9222 (1.70%) 
  Negative quantities   : 9254 
  Non-positive prices   : 2502 

Top 10 countries by transaction count:
           Country      n
1   United Kingdom 493136
2           France  19577
3          Germany  13334
4            Spain   3511
5      Switzerland   2824
6             EIRE   2329
7      Netherlands   1965
8         Portugal   1653
9  Channel Islands   1034
10         Belgium    584

==============================================================================
 SECTION 3 : DATA PREPROCESSING
==============================================================================
Start                                   : 542456 rows
After removing missing CustomerID       : 407384 (-135,072) 
After removing cancellations (invoice C): 398162 (-9,222) 
After removing Qty<=0 / Price<=0        : 396295 (-1,867) 
After removing duplicate rows           : 395969 (-326) 

Retained 73.0% of the raw rows
Customers remaining: 4340 

==============================================================================
 SECTION 4 : CUSTOMER-LEVEL FEATURE ENGINEERING
==============================================================================
Snapshot (analysis) date: 2011-12-10 12:13:00 

Customer feature matrix: 4340 customers x 12 columns

  CustomerID    Recency Frequency Monetary TotalQuantity UniqueProducts
1      12346 287.579167         1    29.34            16              3
2      12347   6.145139        15  7924.65          2488            254
3      12348  35.173611         9  4575.52          1301            117
4      12349  34.387500        13 10490.73          3189            302
5      12350  31.064583        13  7973.19          2074            202
6      12351  14.042361         9  3619.76           997            112
  AvgUnitPrice   Tenure        Country AvgOrderValue AvgBasketSize
1     2.006667 287.5792         France       29.3400       16.0000
2     3.085429 301.6361 United Kingdom      528.3100      165.8667
3     3.872750 294.4028 United Kingdom      508.3911      144.5556
4     3.191605 313.3528 United Kingdom      806.9792      245.3077
5     3.321889 366.4507 United Kingdom      613.3223      159.5385
6     3.167731 322.3215 United Kingdom      402.1956      110.7778
  PurchaseInterval
1        287.57917
2         21.10650
3         32.40365
4         23.24711
5         27.94884
6         38.53490

Summary of the RFM block:
    Recency         Frequency         Monetary       
 Min.   :  1.00   Min.   : 1.000   Min.   :     0.2  
 1st Qu.: 17.26   1st Qu.: 2.000   1st Qu.:   265.9  
 Median : 41.84   Median : 4.000   Median :   775.3  
 Mean   : 67.54   Mean   : 6.118   Mean   :  3331.5  
 3rd Qu.: 91.62   3rd Qu.: 8.000   3rd Qu.:  2310.7  
 Max.   :368.92   Max.   :43.000   Max.   :345533.2  

Outlier treatment (winsorising at the 1st / 99th percentile):
  Recency         capped   88 values  [1.67 , 311.20]
  Frequency       capped   40 values  [1.00 , 30.00]
  Monetary        capped   88 values  [8.83 , 39939.47]
  TotalQuantity   capped   82 values  [6.00 , 12240.51]
  UniqueProducts  capped   44 values  [1.00 , 907.44]
  AvgOrderValue   capped   88 values  [7.94 , 1325.39]
  AvgBasketSize   capped   87 values  [5.50 , 385.33]
  Tenure          capped   88 values  [19.43 , 366.85]

After log1p + z-score scaling:
  column means (should be ~0): 0 0 0 0 0 0 0 0 
  column sds   (should be  1): 1 1 1 1 1 1 1 1 

Correlation matrix saved.

==============================================================================
 SECTION 5 : OPTIMAL NUMBER OF CLUSTERS (ELBOW METHOD)
==============================================================================
Within-cluster sum of squares:
    k       WSS
1   1 34712.000
2   2 18216.499
3   3 13311.330
4   4 11164.551
5   5  9455.837
6   6  8431.846
7   7  7624.562
8   8  7033.392
9   9  6514.446
10 10  6075.128

Elbow detected at k = 2 

Average silhouette width by k (3000-customer sample):
  k Silhouette
1 2     0.3841
2 3     0.3281
3 4     0.2833
4 5     0.2820
5 6     0.2541
6 7     0.2536
7 8     0.2522
Best silhouette at k = 2 

Chosen k for the final segmentation: K = 4 (elbow + business interpretability)

==============================================================================
 SECTION 6 : K-MEANS CLUSTERING
==============================================================================
Cluster sizes:

   1    2    3    4 
 627  708 1483 1522 

Between_SS / Total_SS = 67.8% 

Cluster centres (scaled space):
  Recency Frequency Monetary TotalQuantity UniqueProducts AvgOrderValue
1   0.595    -1.235   -1.577        -1.509         -1.365        -1.559
2  -0.862     1.555    1.500         1.563          1.607         1.281
3   0.546    -0.606   -0.459        -0.500         -0.575        -0.281
4  -0.376     0.376    0.399         0.382          0.374         0.320
  AvgBasketSize Tenure
1        -1.488 -1.269
2         1.413  0.619
3        -0.343 -0.122
4         0.290  0.353

Average silhouette width (K-Means, k = 4 ): 0.2791 

==============================================================================
 SECTION 7 : HIERARCHICAL CLUSTERING
==============================================================================
Linkage: Ward.D2 | Distance: Euclidean | Sample: 1500 customers
Cluster sizes:
hc_clusters
  1   2   3   4 
431 143 514 412 

Average silhouette width (Hierarchical, k = 4 ): 0.2156 

Cross-tabulation (K-Means vs Hierarchical) on the sample:
      Hierarchical
KMeans   1   2   3   4
     1 209   0   0   4
     2   0 143  98   0
     3 222   0   3 273
     4   0   0 413 135

Best-match agreement: 69.2% 

Clustering quality comparison:
                  Method Clusters Silhouette
1                K-Means        4     0.2791
2 Hierarchical (Ward.D2)        4     0.2156

==============================================================================
 SECTION 8 : PRINCIPAL COMPONENT ANALYSIS
==============================================================================
Explained variance:
   PC Eigenvalue Proportion Cumulative
1 PC1     6.0046      75.06      75.06
2 PC2     0.9539      11.92      86.98
3 PC3     0.6754       8.44      95.42
4 PC4     0.2391       2.99      98.41
5 PC5     0.1009       1.26      99.67
6 PC6     0.0212       0.27      99.94
7 PC7     0.0047       0.06     100.00
8 PC8     0.0001       0.00     100.00

PC1 + PC2 explain 86.98 % of the total variance

PC loadings (first two components):
                  PC1    PC2
Recency        -0.233  0.692
Frequency       0.378 -0.016
Monetary        0.403  0.007
TotalQuantity   0.404  0.001
UniqueProducts  0.398 -0.007
AvgOrderValue   0.362  0.015
AvgBasketSize   0.372  0.004
Tenure          0.222  0.722

==============================================================================
 SECTION 9 : CLUSTER PROFILING AND INTERPRETATION
==============================================================================
Cluster profile (medians, ordered by monetary value):
  KMeans Customers Share TotalRevenue RevenueShare Recency Frequency Monetary
1      2       708  16.3  11169297.33         77.3    13.8        14  8202.73
2      4      1522  35.1   2628369.39         18.2    27.8         6  1530.59
3      3      1483  34.2    615480.61          4.3    81.4         3   370.24
4      1       627  14.4     45414.05          0.3    98.6         1    60.16
  AvgOrderValue AvgBasketSize UniqueProducts Tenure
1        592.60         175.9            234  326.5
2        249.44          76.3             48  289.6
3        133.45          45.0             13  238.4
4         41.94          16.0              4  146.5

Sanity check - revenue shares sum to: 100.1% 

Segment naming:
  KMeans                Segment Customers Share Recency Frequency Monetary
1      2 Champions / High-Value       708  16.3    13.8        14  8202.73
2      4        Loyal Customers      1522  35.1    27.8         6  1530.59
3      3 Potential / Occasional      1483  34.2    81.4         3   370.24
4      1      At-Risk / Dormant       627  14.4    98.6         1    60.16
  RevenueShare
1         77.3
2         18.2
3          4.3
4          0.3

==============================================================================
 SECTION 10 : HIGH-VALUE CUSTOMER PREDICTION
==============================================================================
High-value segment  : cluster 2 ( Champions / High-Value )
Class distribution  :

  No  Yes 
3632  708 
Positive class rate : 16.3% 

Predictors used ( 9 ): Recency, Frequency, TotalQuantity, UniqueProducts, AvgUnitPrice, AvgOrderValue, AvgBasketSize, Tenure, PurchaseInterval 

Train: 3039 | Test: 1301 
Train positive rate: 16.3% | Test positive rate: 16.3% 

--- Random Forest ---

Call:
 randomForest(formula = HighValue ~ ., data = train_s, ntree = 500,      mtry = floor(sqrt(length(model_feats))), importance = TRUE) 
               Type of random forest: classification
                     Number of trees: 500
No. of variables tried at each split: 3

        OOB estimate of  error rate: 0.76%
Confusion matrix:
      No Yes class.error
No  2533  10 0.003932363
Yes   13 483 0.026209677

--- Support Vector Machine (RBF kernel) ---

Call:
svm(formula = HighValue ~ ., data = train_s, kernel = "radial", cost = 10, 
    gamma = 1/length(model_feats), probability = TRUE)


Parameters:
   SVM-Type:  C-classification 
 SVM-Kernel:  radial 
       cost:  10 

Number of Support Vectors:  90


==============================================================================
 SECTION 11 : MODEL EVALUATION AND COMPARISON
==============================================================================

=== Random Forest ===
          Reference
Prediction   No  Yes
       No  1084    3
       Yes    5  209
Accuracy  : 0.9939
Precision : 0.9766
Recall    : 0.9858
F1-Score  : 0.9812
ROC-AUC   : 0.9996
Kappa     : 0.9775

=== SVM (RBF) ===
          Reference
Prediction   No  Yes
       No  1087    2
       Yes    2  210
Accuracy  : 0.9969
Precision : 0.9906
Recall    : 0.9906
F1-Score  : 0.9906
ROC-AUC   : 0.9999
Kappa     : 0.9887


MODEL COMPARISON
          Model Accuracy Precision Recall     F1 ROC_AUC
1 Random Forest   0.9939    0.9766 0.9858 0.9812  0.9996
2     SVM (RBF)   0.9969    0.9906 0.9906 0.9906  0.9999

Best model by F1-Score: SVM (RBF) 

==============================================================================
 SECTION 12 : FEATURE IMPORTANCE ANALYSIS
==============================================================================
Random Forest variable importance:
          Feature MeanDecreaseAccuracy MeanDecreaseGini
    TotalQuantity            37.364160       314.063364
   UniqueProducts            21.538416       222.541978
    AvgBasketSize            14.206985       115.747237
        Frequency            11.108318        94.965156
    AvgOrderValue            13.508112        46.143969
 PurchaseInterval             7.793417        19.412596
          Recency            11.133069         8.588410
           Tenure             3.884138         5.127760
     AvgUnitPrice             5.891443         3.373753

==============================================================================
 SECTION 12B : LEAKAGE CHECK - FORWARD-LOOKING PREDICTION
==============================================================================
The near-perfect scores above are expected and must NOT be read as
genuine predictive skill. The HighValue label was DERIVED from K-Means
on the same behavioural features, so the classifiers are essentially
re-learning a cluster boundary that is already a function of the inputs.
This is target leakage by construction.

A fair test asks a genuinely predictive question:
  'Using only the FIRST part of the year, can we predict who will end
   the year in the high-value segment?'

Observation window : 2010-12-01 23:27:00 -> 2011-07-13 11:54:36 
Outcome window     : 2011-07-13 11:54:36 -> 2011-12-09 12:13:00 

Customers active in the observation window: 3727 
Of these, high-value by year end          : 708 (19.0%) 

Train: 2610 | Test: 1117 

=== Random Forest (forward-looking) ===
          Reference
Prediction  No Yes
       No  892  32
       Yes  13 180
Accuracy  : 0.9597
Precision : 0.9326
Recall    : 0.8491
F1-Score  : 0.8889
ROC-AUC   : 0.9807
Kappa     : 0.8644

=== SVM RBF (forward-looking) ===
          Reference
Prediction  No Yes
       No  896  33
       Yes   9 179
Accuracy  : 0.9624
Precision : 0.9521
Recall    : 0.8443
F1-Score  : 0.8950
ROC-AUC   : 0.9680
Kappa     : 0.8722


FORWARD-LOOKING MODEL COMPARISON
                            Model Accuracy Precision Recall     F1 ROC_AUC
1 Random Forest (forward-looking)   0.9597    0.9326 0.8491 0.8889  0.9807
2       SVM RBF (forward-looking)   0.9624    0.9521 0.8443 0.8950  0.9680


LEAKY vs FAIR SETTING
                 Setting                           Model Accuracy Precision
1    Same-period (leaky)                   Random Forest   0.9939    0.9766
2    Same-period (leaky)                       SVM (RBF)   0.9969    0.9906
3 Forward-looking (fair) Random Forest (forward-looking)   0.9597    0.9326
4 Forward-looking (fair)       SVM RBF (forward-looking)   0.9624    0.9521
  Recall     F1 ROC_AUC
1 0.9858 0.9812  0.9996
2 0.9906 0.9906  0.9999
3 0.8491 0.8889  0.9807
4 0.8443 0.8950  0.9680

The drop between the two settings is the size of the leakage.
The forward-looking numbers are the ones a business should plan with.

Forward-looking model - feature importance:
          Feature MeanDecreaseAccuracy MeanDecreaseGini
    TotalQuantity            31.959546        251.37426
   UniqueProducts            34.480077        225.04594
    AvgBasketSize            25.338432        122.34350
        Frequency            13.973364         64.67119
    AvgOrderValue            17.990274         56.38074
 PurchaseInterval            13.125762         22.54752
           Tenure            10.116018         20.85143
     AvgUnitPrice             9.853819         19.49930
          Recency             9.778868         19.48496

==============================================================================
 SECTION 13 : SEGMENT-WISE MARKETING RECOMMENDATIONS
==============================================================================

------------------------------------------------------------------------------
CHAMPIONS / HIGH-VALUE 
  708 customers (16.3%) | 77.3% of revenue
  Median R/F/M: 14 days | 14 orders | 8,203
  Priority : Retention (highest ROI) 
  Channel  : Personal email + phone 
  Strategy : VIP tier, early access to new ranges, dedicated account manager, referral incentives - protect at all costs. 

------------------------------------------------------------------------------
LOYAL CUSTOMERS 
  1,522 customers (35.1%) | 18.2% of revenue
  Median R/F/M: 28 days | 6 orders | 1,531
  Priority : Growth 
  Channel  : Email + retargeting 
  Strategy : Volume discounts and bundle offers to raise average order value; cross-sell adjacent categories. 

------------------------------------------------------------------------------
POTENTIAL / OCCASIONAL 
  1,483 customers (34.2%) | 4.3% of revenue
  Median R/F/M: 81 days | 3 orders | 370
  Priority : Development 
  Channel  : Email nurture + social 
  Strategy : Onboarding journeys, first-repeat-purchase discount, product education content to build frequency. 

------------------------------------------------------------------------------
AT-RISK / DORMANT 
  627 customers (14.4%) | 0.3% of revenue
  Median R/F/M: 99 days | 1 orders | 60
  Priority : Reactivation 
  Channel  : Win-back email + SMS 
  Strategy : Win-back campaign with a strong time-limited offer; exit survey; suppress after N non-responses to protect deliverability. 

==============================================================================
 SECTION 14 : EXPORT OF RESULTS
==============================================================================
Written: customer_segments.csv, cluster_profiles.csv, model_results.csv

==============================================================================
 ANALYSIS COMPLETE
==============================================================================
All figures and tables written to ./outputs/
